LTspice 24.1.10 for Windows
Circuit: C:\Users\vvuon\Documents\LTspice_Projects\Flyback_Converter\Demo_Flyback_AVGD_Model.net
Start Time: Sat Jun 20 18:11:42 2026
Options:
+ Gmin = 1e-6
+ Abstol = 1e-6
+ Reltol = 0.001
+ Chgtol = 1e-7
+ Trtol = 2
+ vntol = 0.01
+ Sstol = 0.001
+ MinDeltaGmin = 0.0001
+ Method = Gear
solver = Alternate
Maximum thread count: 16
tnom = 27
temp = 27
method = Gear
gmin = 1e-06
abstol = 1e-06
chgtol = 1e-07
volttol = 0.01
Early termination of direct N-R iteration.
Direct Newton iteration failed to find .op point.  (Use ".option noopiter" to skip.)
Starting Gmin stepping
Gmin = 10
Gmin = 1.07374
Gmin = 0.115292
Gmin = 0.0123794
Gmin = 0.00132923
Gmin = 0.000142725
Gmin = 1.5325e-05
Gmin = 1.6455e-06
Gmin = 1.76685e-07
Gmin = 0
Gmin stepping succeeded in finding the operating point.

Total elapsed time: 80.315 seconds.

Files loaded:
C:\Users\vvuon\Documents\LTspice_Projects\Flyback_Converter\Demo_Flyback_AVGD_Model.net
C:\Users\vvuon\AppData\Local\LTspice\lib\cmp\standard.dio
C:\Users\vvuon\AppData\Local\LTspice\lib\cmp\standard.bjt
C:\Users\vvuon\AppData\Local\LTspice\lib\sub\ADA4807.sub
C:\Users\vvuon\AppData\Local\LTspice\lib\sub\LTC.lib

