LTspice 24.1.10 for Windows
Circuit: C:\Users\vvuon\Documents\LTspice_Projects\Flyback_Converter\Demo_Flyback_Transient_and_Averaged_Models.net
Start Time: Sun Jun 14 21:34:41 2026
Options:
+ Gmin = 1e-7
+ Abstol = 1e-7
+ Reltol = 0.001
+ Chgtol = 1e-8
+ Trtol = 2
+ vntol = 0.001
+ Sstol = 0.001
+ MinDeltaGmin = 0.0001
+ Method = Gear
solver = Alternate
Maximum thread count: 16
tnom = 27
temp = 27
method = Gear
gmin = 1e-07
abstol = 1e-07
chgtol = 1e-08
volttol = 0.001
Direct Newton iteration failed to find .op point.  (Use ".option noopiter" to skip.)
Starting Gmin stepping
Increasing initial diagonal Gmin to 100
Gmin = 100
Gmin = 10.7374
Gmin = 1.15292
vernier = 0.5
vernier = 0.25
vernier = 0.125
vernier = 0.0625
Gmin = 0.819855
vernier = 0.0833333
Gmin = 0.684378
vernier = 0.111111
vernier = 0.148148
Gmin = 0.509992
vernier = 0.074074
vernier = 0.037037
vernier = 0.0185185
Gmin = 0.463447
vernier = 0.00925925
vernier = 0.00462963
vernier = 0.00231481
vernier = 0.00115741
Gmin = 0.464114
vernier = 0.000578703
vernier = 0.000434027
Gmin = 0
Gmin stepping failed

Starting source stepping with srcstepmethod=0
Source Step = 3.0303%
vernier = 0.25
Source Step = 0.0177557%
Source Step = 0.0473485%
Source Step = 0.0769413%
Source Step = 0.106534%
Source Step = 0.136127%
vernier = 0.00146484
Source Step = 0.173118%
Source Step = 0.217507%
Source Step = 0.261896%
Source Step = 0.306286%
Source Step = 0.350675%
vernier = 0.00219727
Source Step = 0.403942%
Source Step = 0.470526%
Source Step = 0.537109%
Source Step = 0.603693%
Source Step = 0.670277%
vernier = 0.0032959
Source Step = 0.746848%
Source Step = 0.846724%
Source Step = 0.9466%
Source Step = 1.04648%
Source Step = 1.14635%
vernier = 0.00494385
Source Step = 1.25621%
Source Step = 1.40603%
Source Step = 1.55584%
Source Step = 1.70566%
Source Step = 1.85547%
vernier = 0.00741577
Source Step = 2.01277%
Source Step = 2.23749%
Source Step = 2.46221%
Source Step = 2.68693%
Source Step = 2.91165%
Source Step = 3.13637%
vernier = 0.0111237
Source Step = 3.47346%
Source Step = 3.81054%
Source Step = 4.14762%
Source Step = 4.4847%
Source Step = 4.82178%
vernier = 0.0166855
Source Step = 5.31054%
Source Step = 5.81616%
Source Step = 6.32179%
Source Step = 6.82741%
Source Step = 7.33303%
vernier = 0.0250282
Source Step = 8.0409%
Source Step = 8.79933%
Source Step = 9.55776%
Source Step = 10.3162%
Source Step = 11.0746%
vernier = 0.0375423
Source Step = 12.0985%
Source Step = 13.2361%
Source Step = 14.3738%
Source Step = 15.5114%
Source Step = 16.6491%
vernier = 0.0563135
Source Step = 18.128%
Source Step = 19.8345%
Source Step = 21.541%
Source Step = 23.2474%
Source Step = 24.9539%
vernier = 0.0844703
Source Step = 27.087%
Source Step = 29.6467%
Source Step = 32.2064%
Source Step = 34.7661%
Source Step = 37.3258%
vernier = 0.126705
Source Step = 40.3975%
Source Step = 44.237%
Source Step = 48.0766%
Source Step = 51.9161%
Source Step = 55.7557%
vernier = 0.190058
Source Step = 60.1712%
Source Step = 65.9305%
Source Step = 71.6899%
Source Step = 77.4492%
Source Step = 83.2085%
vernier = 0.285087
Source Step = 89.5438%
Source Step = 98.1828%
Pseudo Transient failed in finding the operating point at 1.00665 s.
Trouble finding operating point....skipping operating point for Transient analysis.
Changing Tseed to 1e-07
Changing Tseed to 1e-09
Warning: Simulation tolerance relaxed to achieve convergence from 5.2421874434361375e-09 to 5.2421874444361368e-09 seconds.
Warning: Simulation tolerance relaxed to achieve convergence from 5.2421874444361368e-09 to 5.2421874454361369e-09 seconds.
Warning: Simulation tolerance relaxed to achieve convergence from 5.3467239919990330e-09 to 5.3467239929990332e-09 seconds.
Warning: Simulation tolerance relaxed to achieve convergence from 5.3467239929990332e-09 to 5.3467239939990333e-09 seconds.

Simulation stopped by user.
Total elapsed time: 113.920 seconds.

Files loaded:
C:\Users\vvuon\Documents\LTspice_Projects\Flyback_Converter\Demo_Flyback_Transient_and_Averaged_Models.net
C:\Users\vvuon\AppData\Local\LTspice\lib\cmp\standard.dio
C:\Users\vvuon\AppData\Local\LTspice\lib\cmp\standard.bjt
C:\Users\vvuon\AppData\Local\LTspice\lib\cmp\standard.mos
C:\Users\vvuon\Documents\LTspice_Projects\Flyback_Converter\dc_operating_point.txt
C:\Users\vvuon\AppData\Local\LTspice\lib\sub\LT1245.sub
C:\Users\vvuon\AppData\Local\LTspice\lib\sub\LTC.lib

