LTspice 24.1.10 for Windows
Circuit: C:\Users\vvuon\Documents\LTspice_Projects\UC1825_PWM_IC_Model\Err_Amp.net
Start Time: Thu Feb 12 14:55:33 2026
solver = Normal
Maximum thread count: 16
tnom = 27
temp = 27
method = Gear
Direct Newton iteration failed to find .op point.  (Use ".option noopiter" to skip.)
Starting Gmin stepping
Gmin = 10
Gmin = 1.07374
Gmin = 0.115292
Gmin = 0.0123794
Gmin = 0.00132923
Gmin = 0.000142725
Gmin = 1.5325e-05
Gmin = 1.6455e-06
Gmin = 1.76685e-07
Gmin = 1.89714e-08
Gmin = 2.03704e-09
Gmin = 2.18725e-10
Gmin = 2.34854e-11
Gmin = 2.52173e-12
Gmin = 2.70769e-13
Gmin = 0
Gmin stepping succeeded in finding the operating point.

Warning: Simulation tolerance relaxed to achieve convergence from 6.1040796277990329e-06 to 6.1040796278000332e-06 seconds.
Warning: Simulation tolerance relaxed to achieve convergence from 6.1040796278000332e-06 to 6.1040796278010336e-06 seconds.
Warning: Simulation tolerance relaxed to achieve convergence from 6.1040796278010336e-06 to 6.1040796278020339e-06 seconds.
Warning: Simulation tolerance relaxed to achieve convergence from 6.1040796278020339e-06 to 6.1040796278030343e-06 seconds.
Warning: Simulation tolerance relaxed to achieve convergence from 6.1040796278030343e-06 to 6.1040796278040346e-06 seconds.
Warning: Simulation tolerance relaxed to achieve convergence from 6.1040796278050350e-06 to 6.1040796278060353e-06 seconds.
Warning: Simulation tolerance relaxed to achieve convergence from 6.1040796278060353e-06 to 6.1040796278070357e-06 seconds.
Warning: Simulation tolerance relaxed to achieve convergence from 6.1040796278070357e-06 to 6.1040796278080360e-06 seconds.
Warning: Simulation tolerance relaxed to achieve convergence from 6.1040796278080360e-06 to 6.1040796278090364e-06 seconds.
Warning: Simulation tolerance relaxed to achieve convergence from 6.1040796278090364e-06 to 6.1040796278100367e-06 seconds.
Warning: Simulation tolerance relaxed to achieve convergence from 6.1040796278100367e-06 to 6.1040796278110370e-06 seconds.
Warning: Simulation tolerance relaxed to achieve convergence from 6.1040796278110370e-06 to 6.1040796278120374e-06 seconds.
Warning: Simulation tolerance relaxed to achieve convergence from 6.1040796278120374e-06 to 6.1040796278130377e-06 seconds.
Warning: Simulation tolerance relaxed to achieve convergence from 6.1040796278130377e-06 to 6.1040796278140381e-06 seconds.
Warning: Simulation tolerance relaxed to achieve convergence from 6.1040796278140381e-06 to 6.1040796278150384e-06 seconds.
Warning: Simulation tolerance relaxed to achieve convergence from 6.1040796278150384e-06 to 6.1040796278160388e-06 seconds.
Warning: Simulation tolerance relaxed to achieve convergence from 6.1040796278160388e-06 to 6.1040796278170391e-06 seconds.
Warning: Simulation tolerance relaxed to achieve convergence from 6.1040796278170391e-06 to 6.1040796278180395e-06 seconds.
Warning: Simulation tolerance relaxed to achieve convergence from 6.1040796278180395e-06 to 6.1040796278190398e-06 seconds.
Warning: Simulation tolerance relaxed to achieve convergence from 6.1040796278190398e-06 to 6.1040796278200402e-06 seconds.
Warning: Simulation tolerance relaxed to achieve convergence from 6.1040796278200402e-06 to 6.1040796278210405e-06 seconds.
Warning: Simulation tolerance relaxed to achieve convergence from 6.1040796278210405e-06 to 6.1040796278220408e-06 seconds.
Warning: Simulation tolerance relaxed to achieve convergence from 6.1040796278220408e-06 to 6.1040796278230412e-06 seconds.
Warning: Simulation tolerance relaxed to achieve convergence from 6.1040796278230412e-06 to 6.1040796278240415e-06 seconds.
Warning: Simulation tolerance relaxed to achieve convergence from 6.1040796278240415e-06 to 6.1040796278250419e-06 seconds.
Warning: Simulation tolerance relaxed to achieve convergence from 6.1040796278250419e-06 to 6.1040796278260422e-06 seconds.
Warning: Simulation tolerance relaxed to achieve convergence from 6.1040796278260422e-06 to 6.1040796278270426e-06 seconds.
Warning: Simulation tolerance relaxed to achieve convergence from 6.1040796278270426e-06 to 6.1040796278280429e-06 seconds.
Warning: Simulation tolerance relaxed to achieve convergence from 6.1040796278280429e-06 to 6.1040796278290433e-06 seconds.
Warning: Simulation tolerance relaxed to achieve convergence from 6.1040796278290433e-06 to 6.1040796278300436e-06 seconds.
Warning: Simulation tolerance relaxed to achieve convergence from 6.1040796278300436e-06 to 6.1040796278310440e-06 seconds.
Warning: Simulation tolerance relaxed to achieve convergence from 6.1040796278310440e-06 to 6.1040796278320443e-06 seconds.
Warning: Simulation tolerance relaxed to achieve convergence from 6.1040796278320443e-06 to 6.1040796278330447e-06 seconds.
Warning: Simulation tolerance relaxed to achieve convergence from 6.1040796278330447e-06 to 6.1040796278340450e-06 seconds.
Warning: Simulation tolerance relaxed to achieve convergence from 6.1040796278340450e-06 to 6.1040796278350453e-06 seconds.
Warning: Simulation tolerance relaxed to achieve convergence from 6.1040796278350453e-06 to 6.1040796278360457e-06 seconds.
Warning: Simulation tolerance relaxed to achieve convergence from 6.1040796278360457e-06 to 6.1040796278370460e-06 seconds.
Warning: Simulation tolerance relaxed to achieve convergence from 6.1040796278370460e-06 to 6.1040796278380464e-06 seconds.
Warning: Simulation tolerance relaxed to achieve convergence from 6.1040796278380464e-06 to 6.1040796278390467e-06 seconds.
Warning: Simulation tolerance relaxed to achieve convergence from 6.1040796278390467e-06 to 6.1040796278400471e-06 seconds.
Warning: Simulation tolerance relaxed to achieve convergence from 6.1040796278410474e-06 to 6.1040796278420478e-06 seconds.
Warning: Simulation tolerance relaxed to achieve convergence from 6.1040796278420478e-06 to 6.1040796278430481e-06 seconds.
Warning: Simulation tolerance relaxed to achieve convergence from 6.1040796278430481e-06 to 6.1040796278440485e-06 seconds.
Warning: Simulation tolerance relaxed to achieve convergence from 6.1040796278440485e-06 to 6.1040796278450488e-06 seconds.
Warning: Simulation tolerance relaxed to achieve convergence from 6.1040796278450488e-06 to 6.1040796278460492e-06 seconds.
Warning: Simulation tolerance relaxed to achieve convergence from 6.1040796278460492e-06 to 6.1040796278470495e-06 seconds.
Warning: Simulation tolerance relaxed to achieve convergence from 6.1040796278470495e-06 to 6.1040796278480498e-06 seconds.
Warning: Simulation tolerance relaxed to achieve convergence from 6.1040796278480498e-06 to 6.1040796278490502e-06 seconds.
Warning: Simulation tolerance relaxed to achieve convergence from 6.1040796278490502e-06 to 6.1040796278500505e-06 seconds.
Warning: Simulation tolerance relaxed to achieve convergence from 6.1040796278500505e-06 to 6.1040796278510509e-06 seconds.
Warning: Simulation tolerance relaxed to achieve convergence from 6.1040796278510509e-06 to 6.1040796278520512e-06 seconds.
Warning: Simulation tolerance relaxed to achieve convergence from 6.1040796278520512e-06 to 6.1040796278530516e-06 seconds.
Warning: Simulation tolerance relaxed to achieve convergence from 6.1040796278530516e-06 to 6.1040796278540519e-06 seconds.
Warning: Simulation tolerance relaxed to achieve convergence from 6.1040796278540519e-06 to 6.1040796278550523e-06 seconds.
Warning: Simulation tolerance relaxed to achieve convergence from 6.1040796278550523e-06 to 6.1040796278560526e-06 seconds.
Warning: Simulation tolerance relaxed to achieve convergence from 6.1040796278560526e-06 to 6.1040796278570530e-06 seconds.
Warning: Simulation tolerance relaxed to achieve convergence from 6.1040796278570530e-06 to 6.1040796278580533e-06 seconds.
Warning: Simulation tolerance relaxed to achieve convergence from 6.1040796278580533e-06 to 6.1040796278590536e-06 seconds.
Warning: Simulation tolerance relaxed to achieve convergence from 6.1040796278590536e-06 to 6.1040796278600540e-06 seconds.
Warning: Simulation tolerance relaxed to achieve convergence from 6.1040796278600540e-06 to 6.1040796278610543e-06 seconds.
Warning: Simulation tolerance relaxed to achieve convergence from 6.1040796278610543e-06 to 6.1040796278620547e-06 seconds.
Warning: Simulation tolerance relaxed to achieve convergence from 6.1040796278620547e-06 to 6.1040796278630550e-06 seconds.
Warning: Simulation tolerance relaxed to achieve convergence from 6.1040796278630550e-06 to 6.1040796278640554e-06 seconds.
Warning: Simulation tolerance relaxed to achieve convergence from 6.1040796278640554e-06 to 6.1040796278650557e-06 seconds.
Warning: Simulation tolerance relaxed to achieve convergence from 6.1040796278650557e-06 to 6.1040796278660561e-06 seconds.
Warning: Simulation tolerance relaxed to achieve convergence from 6.1040796278660561e-06 to 6.1040796278670564e-06 seconds.
Warning: Simulation tolerance relaxed to achieve convergence from 6.1040796278670564e-06 to 6.1040796278680568e-06 seconds.
Warning: Simulation tolerance relaxed to achieve convergence from 6.1040796278680568e-06 to 6.1040796278690571e-06 seconds.
Warning: Simulation tolerance relaxed to achieve convergence from 6.1040796278690571e-06 to 6.1040796278700575e-06 seconds.
Warning: Simulation tolerance relaxed to achieve convergence from 6.1040796278700575e-06 to 6.1040796278710578e-06 seconds.
Warning: Simulation tolerance relaxed to achieve convergence from 6.1040796278710578e-06 to 6.1040796278720581e-06 seconds.
Warning: Simulation tolerance relaxed to achieve convergence from 6.1040796278720581e-06 to 6.1040796278730585e-06 seconds.
Warning: Simulation tolerance relaxed to achieve convergence from 6.1040796278730585e-06 to 6.1040796278740588e-06 seconds.
Warning: Simulation tolerance relaxed to achieve convergence from 6.1040796278740588e-06 to 6.1040796278750592e-06 seconds.
Warning: Simulation tolerance relaxed to achieve convergence from 6.1040796278750592e-06 to 6.1040796278760595e-06 seconds.
Warning: Simulation tolerance relaxed to achieve convergence from 6.1040796278760595e-06 to 6.1040796278770599e-06 seconds.
Warning: Simulation tolerance relaxed to achieve convergence from 6.1040796278770599e-06 to 6.1040796278780602e-06 seconds.
Warning: Simulation tolerance relaxed to achieve convergence from 6.1040796278780602e-06 to 6.1040796278790606e-06 seconds.
Warning: Simulation tolerance relaxed to achieve convergence from 6.1040796278790606e-06 to 6.1040796278800609e-06 seconds.
Warning: Simulation tolerance relaxed to achieve convergence from 6.1040796278800609e-06 to 6.1040796278810613e-06 seconds.
Warning: Simulation tolerance relaxed to achieve convergence from 6.1040796278810613e-06 to 6.1040796278820616e-06 seconds.
Warning: Simulation tolerance relaxed to achieve convergence from 6.1040796278820616e-06 to 6.1040796278830619e-06 seconds.
Warning: Simulation tolerance relaxed to achieve convergence from 6.1040796278830619e-06 to 6.1040796278840623e-06 seconds.
Warning: Simulation tolerance relaxed to achieve convergence from 6.1040796278840623e-06 to 6.1040796278850626e-06 seconds.
Warning: Simulation tolerance relaxed to achieve convergence from 6.1040796278850626e-06 to 6.1040796278860630e-06 seconds.
Warning: Simulation tolerance relaxed to achieve convergence from 6.1040796278860630e-06 to 6.1040796278870633e-06 seconds.
Warning: Simulation tolerance relaxed to achieve convergence from 6.1040796278870633e-06 to 6.1040796278880637e-06 seconds.
Warning: Simulation tolerance relaxed to achieve convergence from 6.1040796278880637e-06 to 6.1040796278890640e-06 seconds.
Warning: Simulation tolerance relaxed to achieve convergence from 6.1040796278890640e-06 to 6.1040796278900644e-06 seconds.
Warning: Simulation tolerance relaxed to achieve convergence from 6.1040796278900644e-06 to 6.1040796278910647e-06 seconds.
Warning: Simulation tolerance relaxed to achieve convergence from 6.1040796278910647e-06 to 6.1040796278920651e-06 seconds.
Warning: Simulation tolerance relaxed to achieve convergence from 6.1040796278920651e-06 to 6.1040796278930654e-06 seconds.
Warning: Simulation tolerance relaxed to achieve convergence from 6.1040796278930654e-06 to 6.1040796278940658e-06 seconds.
Warning: Simulation tolerance relaxed to achieve convergence from 6.1040796278940658e-06 to 6.1040796278950661e-06 seconds.
Warning: Simulation tolerance relaxed to achieve convergence from 6.1040796278950661e-06 to 6.1040796278960664e-06 seconds.
Warning: Simulation tolerance relaxed to achieve convergence from 6.1040796278960664e-06 to 6.1040796278970668e-06 seconds.
Warning: Simulation tolerance relaxed to achieve convergence from 6.1040796278970668e-06 to 6.1040796278980671e-06 seconds.
Warning: Simulation tolerance relaxed to achieve convergence from 6.1040796278980671e-06 to 6.1040796278990675e-06 seconds.
Warning: Simulation tolerance relaxed to achieve convergence from 6.1040796278990675e-06 to 6.1040796279000678e-06 seconds.
Warning: Simulation tolerance relaxed to achieve convergence from 6.1040796279000678e-06 to 6.1040796279010682e-06 seconds.
Warning: Simulation tolerance relaxed to achieve convergence from 6.1040796279010682e-06 to 6.1040796279020685e-06 seconds.
Warning: Simulation tolerance relaxed to achieve convergence from 6.1040796279020685e-06 to 6.1040796279030689e-06 seconds.
Warning: Simulation tolerance relaxed to achieve convergence from 6.1040796279030689e-06 to 6.1040796279040692e-06 seconds.
Warning: Simulation tolerance relaxed to achieve convergence from 6.1040796279040692e-06 to 6.1040796279050696e-06 seconds.
Warning: Simulation tolerance relaxed to achieve convergence from 6.1040796279050696e-06 to 6.1040796279060699e-06 seconds.
Warning: Simulation tolerance relaxed to achieve convergence from 6.1040796279060699e-06 to 6.1040796279070703e-06 seconds.
Warning: Simulation tolerance relaxed to achieve convergence from 6.1040796279070703e-06 to 6.1040796279080706e-06 seconds.
Warning: Simulation tolerance relaxed to achieve convergence from 6.1040796279080706e-06 to 6.1040796279090709e-06 seconds.
Warning: Simulation tolerance relaxed to achieve convergence from 6.1040796279090709e-06 to 6.1040796279100713e-06 seconds.
Warning: Simulation tolerance relaxed to achieve convergence from 6.1040796279100713e-06 to 6.1040796279110716e-06 seconds.
Warning: Simulation tolerance relaxed to achieve convergence from 6.1040796279110716e-06 to 6.1040796279120720e-06 seconds.
Warning: Simulation tolerance relaxed to achieve convergence from 6.1040796279120720e-06 to 6.1040796279130723e-06 seconds.
Warning: Simulation tolerance relaxed to achieve convergence from 6.1040796279130723e-06 to 6.1040796279140727e-06 seconds.
Warning: Simulation tolerance relaxed to achieve convergence from 6.1040796279140727e-06 to 6.1040796279150730e-06 seconds.
Warning: Simulation tolerance relaxed to achieve convergence from 6.1040796279150730e-06 to 6.1040796279160734e-06 seconds.
Warning: Simulation tolerance relaxed to achieve convergence from 6.1040796279160734e-06 to 6.1040796279170737e-06 seconds.
Warning: Simulation tolerance relaxed to achieve convergence from 6.1040796279170737e-06 to 6.1040796279180741e-06 seconds.
Warning: Simulation tolerance relaxed to achieve convergence from 6.1040796279180741e-06 to 6.1040796279190744e-06 seconds.
Warning: Simulation tolerance relaxed to achieve convergence from 6.1040796279190744e-06 to 6.1040796279200747e-06 seconds.
Warning: Simulation tolerance relaxed to achieve convergence from 6.1040796279200747e-06 to 6.1040796279210751e-06 seconds.
Warning: Simulation tolerance relaxed to achieve convergence from 6.1040796279210751e-06 to 6.1040796279220754e-06 seconds.
Warning: Simulation tolerance relaxed to achieve convergence from 6.1040796279220754e-06 to 6.1040796279230758e-06 seconds.
Warning: Simulation tolerance relaxed to achieve convergence from 6.1040796279230758e-06 to 6.1040796279240761e-06 seconds.
Warning: Simulation tolerance relaxed to achieve convergence from 6.1040796279240761e-06 to 6.1040796279250765e-06 seconds.
Warning: Simulation tolerance relaxed to achieve convergence from 6.1040796279250765e-06 to 6.1040796279260768e-06 seconds.
Warning: Simulation tolerance relaxed to achieve convergence from 6.1040796279260768e-06 to 6.1040796279270772e-06 seconds.
Warning: Simulation tolerance relaxed to achieve convergence from 6.1040796279270772e-06 to 6.1040796279280775e-06 seconds.
Warning: Simulation tolerance relaxed to achieve convergence from 6.1040796279280775e-06 to 6.1040796279290779e-06 seconds.
Warning: Simulation tolerance relaxed to achieve convergence from 6.1040796279290779e-06 to 6.1040796279300782e-06 seconds.
Warning: Simulation tolerance relaxed to achieve convergence from 6.1040796279300782e-06 to 6.1040796279310786e-06 seconds.
Warning: Simulation tolerance relaxed to achieve convergence from 6.1040796279310786e-06 to 6.1040796279320789e-06 seconds.
Warning: Simulation tolerance relaxed to achieve convergence from 6.1040796279320789e-06 to 6.1040796279330792e-06 seconds.
Warning: Simulation tolerance relaxed to achieve convergence from 6.1040796279330792e-06 to 6.1040796279340796e-06 seconds.
Warning: Simulation tolerance relaxed to achieve convergence from 6.1040796279340796e-06 to 6.1040796279350799e-06 seconds.
Warning: Simulation tolerance relaxed to achieve convergence from 6.1040796279350799e-06 to 6.1040796279360803e-06 seconds.
Warning: Simulation tolerance relaxed to achieve convergence from 6.1040796279360803e-06 to 6.1040796279370806e-06 seconds.
Warning: Simulation tolerance relaxed to achieve convergence from 6.1040796279370806e-06 to 6.1040796279380810e-06 seconds.
Warning: Simulation tolerance relaxed to achieve convergence from 6.1040796279380810e-06 to 6.1040796279390813e-06 seconds.
Warning: Simulation tolerance relaxed to achieve convergence from 6.1040796279390813e-06 to 6.1040796279400817e-06 seconds.
Warning: Simulation tolerance relaxed to achieve convergence from 6.1040796279400817e-06 to 6.1040796279410820e-06 seconds.
Warning: Simulation tolerance relaxed to achieve convergence from 6.1040796279410820e-06 to 6.1040796279420824e-06 seconds.
Warning: Simulation tolerance relaxed to achieve convergence from 6.1040796279420824e-06 to 6.1040796279430827e-06 seconds.
Warning: Simulation tolerance relaxed to achieve convergence from 6.1040796279430827e-06 to 6.1040796279440831e-06 seconds.
Warning: Simulation tolerance relaxed to achieve convergence from 6.1040796279440831e-06 to 6.1040796279450834e-06 seconds.
Warning: Simulation tolerance relaxed to achieve convergence from 6.1040796279450834e-06 to 6.1040796279460837e-06 seconds.
Warning: Simulation tolerance relaxed to achieve convergence from 6.1040796279460837e-06 to 6.1040796279470841e-06 seconds.
Warning: Simulation tolerance relaxed to achieve convergence from 6.1040796279470841e-06 to 6.1040796279480844e-06 seconds.
Warning: Simulation tolerance relaxed to achieve convergence from 6.1040796279480844e-06 to 6.1040796279490848e-06 seconds.
Warning: Simulation tolerance relaxed to achieve convergence from 6.1040796279490848e-06 to 6.1040796279500851e-06 seconds.
Warning: Simulation tolerance relaxed to achieve convergence from 6.1040796279500851e-06 to 6.1040796279510855e-06 seconds.
Warning: Simulation tolerance relaxed to achieve convergence from 6.1040796279510855e-06 to 6.1040796279520858e-06 seconds.
Warning: Simulation tolerance relaxed to achieve convergence from 6.1040796279520858e-06 to 6.1040796279530862e-06 seconds.
Warning: Simulation tolerance relaxed to achieve convergence from 6.1040796279530862e-06 to 6.1040796279540865e-06 seconds.
Warning: Simulation tolerance relaxed to achieve convergence from 6.1040796279540865e-06 to 6.1040796279550869e-06 seconds.
Warning: Simulation tolerance relaxed to achieve convergence from 6.1040796279550869e-06 to 6.1040796279560872e-06 seconds.
Warning: Simulation tolerance relaxed to achieve convergence from 6.1040796279560872e-06 to 6.1040796279570875e-06 seconds.
Warning: Simulation tolerance relaxed to achieve convergence from 6.1040796279570875e-06 to 6.1040796279580879e-06 seconds.
Warning: Simulation tolerance relaxed to achieve convergence from 6.1040796279580879e-06 to 6.1040796279590882e-06 seconds.
Warning: Simulation tolerance relaxed to achieve convergence from 6.1040796279590882e-06 to 6.1040796279600886e-06 seconds.
Warning: Simulation tolerance relaxed to achieve convergence from 6.1040796279600886e-06 to 6.1040796279610889e-06 seconds.
Warning: Simulation tolerance relaxed to achieve convergence from 6.1040796279610889e-06 to 6.1040796279620893e-06 seconds.
Warning: Simulation tolerance relaxed to achieve convergence from 6.1040796279620893e-06 to 6.1040796279630896e-06 seconds.
Warning: Simulation tolerance relaxed to achieve convergence from 6.1040796279630896e-06 to 6.1040796279640900e-06 seconds.
Warning: Simulation tolerance relaxed to achieve convergence from 6.1040796279640900e-06 to 6.1040796279650903e-06 seconds.
Warning: Simulation tolerance relaxed to achieve convergence from 6.1040796279650903e-06 to 6.1040796279660907e-06 seconds.
Warning: Simulation tolerance relaxed to achieve convergence from 6.1040796279660907e-06 to 6.1040796279670910e-06 seconds.
Warning: Simulation tolerance relaxed to achieve convergence from 6.1040796279670910e-06 to 6.1040796279680914e-06 seconds.
Warning: Simulation tolerance relaxed to achieve convergence from 6.1040796279680914e-06 to 6.1040796279690917e-06 seconds.
Warning: Simulation tolerance relaxed to achieve convergence from 6.1040796279690917e-06 to 6.1040796279700920e-06 seconds.
Warning: Simulation tolerance relaxed to achieve convergence from 6.1040796279700920e-06 to 6.1040796279710924e-06 seconds.
Warning: Simulation tolerance relaxed to achieve convergence from 6.1040796279710924e-06 to 6.1040796279720927e-06 seconds.
Warning: Simulation tolerance relaxed to achieve convergence from 6.1040796279720927e-06 to 6.1040796279730931e-06 seconds.
Warning: Simulation tolerance relaxed to achieve convergence from 6.1040796279730931e-06 to 6.1040796279740934e-06 seconds.
Warning: Simulation tolerance relaxed to achieve convergence from 6.1040796279740934e-06 to 6.1040796279750938e-06 seconds.
Warning: Simulation tolerance relaxed to achieve convergence from 6.1040796279750938e-06 to 6.1040796279760941e-06 seconds.
Warning: Simulation tolerance relaxed to achieve convergence from 6.1040796279760941e-06 to 6.1040796279770945e-06 seconds.
Warning: Simulation tolerance relaxed to achieve convergence from 6.1040796279770945e-06 to 6.1040796279780948e-06 seconds.
Warning: Simulation tolerance relaxed to achieve convergence from 6.1040796279780948e-06 to 6.1040796279790952e-06 seconds.
Warning: Simulation tolerance relaxed to achieve convergence from 6.1040796279790952e-06 to 6.1040796279800955e-06 seconds.
Warning: Simulation tolerance relaxed to achieve convergence from 6.1040796279800955e-06 to 6.1040796279810958e-06 seconds.
Warning: Simulation tolerance relaxed to achieve convergence from 6.1040796279810958e-06 to 6.1040796279820962e-06 seconds.
Warning: Simulation tolerance relaxed to achieve convergence from 6.1040796279820962e-06 to 6.1040796279830965e-06 seconds.
Warning: Simulation tolerance relaxed to achieve convergence from 6.1040796279830965e-06 to 6.1040796279840969e-06 seconds.
Warning: Simulation tolerance relaxed to achieve convergence from 6.1040796279840969e-06 to 6.1040796279850972e-06 seconds.
Warning: Simulation tolerance relaxed to achieve convergence from 6.1040796279850972e-06 to 6.1040796279860976e-06 seconds.
Warning: Simulation tolerance relaxed to achieve convergence from 6.1040796279860976e-06 to 6.1040796279870979e-06 seconds.
Warning: Simulation tolerance relaxed to achieve convergence from 6.1040796279870979e-06 to 6.1040796279880983e-06 seconds.
Warning: Simulation tolerance relaxed to achieve convergence from 6.1040796279880983e-06 to 6.1040796279890986e-06 seconds.
Warning: Simulation tolerance relaxed to achieve convergence from 6.1040796279890986e-06 to 6.1040796279900990e-06 seconds.
Warning: Simulation tolerance relaxed to achieve convergence from 6.1040796279900990e-06 to 6.1040796279910993e-06 seconds.
Warning: Simulation tolerance relaxed to achieve convergence from 6.1040796279910993e-06 to 6.1040796279920997e-06 seconds.
Warning: Simulation tolerance relaxed to achieve convergence from 6.1040796279920997e-06 to 6.1040796279931000e-06 seconds.
Warning: Simulation tolerance relaxed to achieve convergence from 6.1040796279931000e-06 to 6.1040796279941003e-06 seconds.
Warning: Simulation tolerance relaxed to achieve convergence from 6.1040796279941003e-06 to 6.1040796279951007e-06 seconds.
Warning: Simulation tolerance relaxed to achieve convergence from 6.1040796279951007e-06 to 6.1040796279961010e-06 seconds.
Warning: Simulation tolerance relaxed to achieve convergence from 6.1040796279961010e-06 to 6.1040796279971014e-06 seconds.
Warning: Simulation tolerance relaxed to achieve convergence from 6.1040796279971014e-06 to 6.1040796279981017e-06 seconds.
Warning: Simulation tolerance relaxed to achieve convergence from 6.1040796279981017e-06 to 6.1040796279991021e-06 seconds.
Warning: Simulation tolerance relaxed to achieve convergence from 6.1040796279991021e-06 to 6.1040796280001024e-06 seconds.
Warning: Simulation tolerance relaxed to achieve convergence from 6.1040796280001024e-06 to 6.1040796280011028e-06 seconds.
Warning: Simulation tolerance relaxed to achieve convergence from 6.1040796280011028e-06 to 6.1040796280021031e-06 seconds.
Warning: Simulation tolerance relaxed to achieve convergence from 6.1040796280021031e-06 to 6.1040796280031035e-06 seconds.
Warning: Simulation tolerance relaxed to achieve convergence from 6.1040796280031035e-06 to 6.1040796280041038e-06 seconds.
Warning: Simulation tolerance relaxed to achieve convergence from 6.1040796280041038e-06 to 6.1040796280051042e-06 seconds.
Warning: Simulation tolerance relaxed to achieve convergence from 6.1040796280051042e-06 to 6.1040796280061045e-06 seconds.
Warning: Simulation tolerance relaxed to achieve convergence from 6.1040796280061045e-06 to 6.1040796280071048e-06 seconds.
Warning: Simulation tolerance relaxed to achieve convergence from 6.1040796280071048e-06 to 6.1040796280081052e-06 seconds.
Warning: Simulation tolerance relaxed to achieve convergence from 6.1040796280081052e-06 to 6.1040796280091055e-06 seconds.
Warning: Simulation tolerance relaxed to achieve convergence from 6.1040796280091055e-06 to 6.1040796280101059e-06 seconds.
Warning: Simulation tolerance relaxed to achieve convergence from 6.1040796280101059e-06 to 6.1040796280111062e-06 seconds.
Warning: Simulation tolerance relaxed to achieve convergence from 6.1040796280111062e-06 to 6.1040796280121066e-06 seconds.
Warning: Simulation tolerance relaxed to achieve convergence from 6.1040796280121066e-06 to 6.1040796280131069e-06 seconds.
Warning: Simulation tolerance relaxed to achieve convergence from 6.1040796280131069e-06 to 6.1040796280141073e-06 seconds.
Warning: Simulation tolerance relaxed to achieve convergence from 6.1040796280141073e-06 to 6.1040796280151076e-06 seconds.
Warning: Simulation tolerance relaxed to achieve convergence from 6.1040796280151076e-06 to 6.1040796280161080e-06 seconds.
Warning: Simulation tolerance relaxed to achieve convergence from 6.1040796280161080e-06 to 6.1040796280171083e-06 seconds.
Warning: Simulation tolerance relaxed to achieve convergence from 6.1040796280171083e-06 to 6.1040796280181086e-06 seconds.
Warning: Simulation tolerance relaxed to achieve convergence from 6.1040796280181086e-06 to 6.1040796280191090e-06 seconds.
Warning: Simulation tolerance relaxed to achieve convergence from 6.1040796280191090e-06 to 6.1040796280201093e-06 seconds.
Warning: Simulation tolerance relaxed to achieve convergence from 6.1040796280201093e-06 to 6.1040796280211097e-06 seconds.
Warning: Simulation tolerance relaxed to achieve convergence from 6.1040796280211097e-06 to 6.1040796280221100e-06 seconds.
Warning: Simulation tolerance relaxed to achieve convergence from 6.1040796280221100e-06 to 6.1040796280231104e-06 seconds.
Warning: Simulation tolerance relaxed to achieve convergence from 6.1040796280231104e-06 to 6.1040796280241107e-06 seconds.
Warning: Simulation tolerance relaxed to achieve convergence from 6.1040796280241107e-06 to 6.1040796280251111e-06 seconds.
Warning: Simulation tolerance relaxed to achieve convergence from 6.1040796280251111e-06 to 6.1040796280261114e-06 seconds.
Warning: Simulation tolerance relaxed to achieve convergence from 6.1040796280261114e-06 to 6.1040796280271118e-06 seconds.
Warning: Simulation tolerance relaxed to achieve convergence from 6.1040796280271118e-06 to 6.1040796280281121e-06 seconds.
Warning: Simulation tolerance relaxed to achieve convergence from 6.1040796280281121e-06 to 6.1040796280291125e-06 seconds.
Warning: Simulation tolerance relaxed to achieve convergence from 6.1040796280291125e-06 to 6.1040796280301128e-06 seconds.
Warning: Simulation tolerance relaxed to achieve convergence from 6.1040796280301128e-06 to 6.1040796280311131e-06 seconds.
Warning: Simulation tolerance relaxed to achieve convergence from 6.1040796280311131e-06 to 6.1040796280321135e-06 seconds.
Warning: Simulation tolerance relaxed to achieve convergence from 6.1040796280321135e-06 to 6.1040796280331138e-06 seconds.
Warning: Simulation tolerance relaxed to achieve convergence from 6.1040796280331138e-06 to 6.1040796280341142e-06 seconds.
Warning: Simulation tolerance relaxed to achieve convergence from 6.1040796280341142e-06 to 6.1040796280351145e-06 seconds.
Warning: Simulation tolerance relaxed to achieve convergence from 6.1040796280351145e-06 to 6.1040796280361149e-06 seconds.
Warning: Simulation tolerance relaxed to achieve convergence from 6.1040796280361149e-06 to 6.1040796280371152e-06 seconds.
Warning: Simulation tolerance relaxed to achieve convergence from 6.1040796280371152e-06 to 6.1040796280381156e-06 seconds.
Warning: Simulation tolerance relaxed to achieve convergence from 6.1040796280381156e-06 to 6.1040796280391159e-06 seconds.
Warning: Simulation tolerance relaxed to achieve convergence from 6.1040796280391159e-06 to 6.1040796280401163e-06 seconds.
Warning: Simulation tolerance relaxed to achieve convergence from 6.1040796280401163e-06 to 6.1040796280411166e-06 seconds.
Warning: Simulation tolerance relaxed to achieve convergence from 6.1040796280411166e-06 to 6.1040796280421169e-06 seconds.
Warning: Simulation tolerance relaxed to achieve convergence from 6.1040796280421169e-06 to 6.1040796280431173e-06 seconds.
Warning: Simulation tolerance relaxed to achieve convergence from 6.1040796280431173e-06 to 6.1040796280441176e-06 seconds.
Warning: Simulation tolerance relaxed to achieve convergence from 6.1040796280441176e-06 to 6.1040796280451180e-06 seconds.
Warning: Simulation tolerance relaxed to achieve convergence from 6.1040796280451180e-06 to 6.1040796280461183e-06 seconds.
Warning: Simulation tolerance relaxed to achieve convergence from 6.1040796280461183e-06 to 6.1040796280471187e-06 seconds.
Warning: Simulation tolerance relaxed to achieve convergence from 6.1040796280471187e-06 to 6.1040796280481190e-06 seconds.
Warning: Simulation tolerance relaxed to achieve convergence from 6.1040796280481190e-06 to 6.1040796280491194e-06 seconds.
Warning: Simulation tolerance relaxed to achieve convergence from 6.1040796280491194e-06 to 6.1040796280501197e-06 seconds.
Warning: Simulation tolerance relaxed to achieve convergence from 6.1040796280501197e-06 to 6.1040796280511201e-06 seconds.
Warning: Simulation tolerance relaxed to achieve convergence from 6.1040796280511201e-06 to 6.1040796280521204e-06 seconds.
Warning: Simulation tolerance relaxed to achieve convergence from 6.1040796280521204e-06 to 6.1040796280531208e-06 seconds.
Warning: Simulation tolerance relaxed to achieve convergence from 6.1040796280531208e-06 to 6.1040796280541211e-06 seconds.
Warning: Simulation tolerance relaxed to achieve convergence from 6.1040796280541211e-06 to 6.1040796280551214e-06 seconds.
Warning: Simulation tolerance relaxed to achieve convergence from 6.1040796280551214e-06 to 6.1040796280561218e-06 seconds.
Warning: Simulation tolerance relaxed to achieve convergence from 6.1040796280561218e-06 to 6.1040796280571221e-06 seconds.
Warning: Simulation tolerance relaxed to achieve convergence from 6.1040796280571221e-06 to 6.1040796280581225e-06 seconds.
Warning: Simulation tolerance relaxed to achieve convergence from 6.1040796280581225e-06 to 6.1040796280591228e-06 seconds.
Warning: Simulation tolerance relaxed to achieve convergence from 6.1040796280591228e-06 to 6.1040796280601232e-06 seconds.
Warning: Simulation tolerance relaxed to achieve convergence from 6.1040796280601232e-06 to 6.1040796280611235e-06 seconds.
Warning: Simulation tolerance relaxed to achieve convergence from 6.1040796280611235e-06 to 6.1040796280621239e-06 seconds.
Warning: Simulation tolerance relaxed to achieve convergence from 6.1040796280621239e-06 to 6.1040796280631242e-06 seconds.
Warning: Simulation tolerance relaxed to achieve convergence from 6.1040796280631242e-06 to 6.1040796280641246e-06 seconds.
Warning: Simulation tolerance relaxed to achieve convergence from 6.1040796280641246e-06 to 6.1040796280651249e-06 seconds.
Warning: Simulation tolerance relaxed to achieve convergence from 6.1040796280651249e-06 to 6.1040796280661253e-06 seconds.
Warning: Simulation tolerance relaxed to achieve convergence from 6.1040796280661253e-06 to 6.1040796280671256e-06 seconds.
Warning: Simulation tolerance relaxed to achieve convergence from 6.1040796280671256e-06 to 6.1040796280681259e-06 seconds.
Warning: Simulation tolerance relaxed to achieve convergence from 6.1040796280681259e-06 to 6.1040796280691263e-06 seconds.
Warning: Simulation tolerance relaxed to achieve convergence from 6.1040796280691263e-06 to 6.1040796280701266e-06 seconds.
Warning: Simulation tolerance relaxed to achieve convergence from 6.1040796280701266e-06 to 6.1040796280711270e-06 seconds.
Warning: Simulation tolerance relaxed to achieve convergence from 6.1040796280711270e-06 to 6.1040796280721273e-06 seconds.
Warning: Simulation tolerance relaxed to achieve convergence from 6.1040796280721273e-06 to 6.1040796280731277e-06 seconds.
Warning: Simulation tolerance relaxed to achieve convergence from 6.1040796280741280e-06 to 6.1040796280751284e-06 seconds.
Warning: Simulation tolerance relaxed to achieve convergence from 6.1040796280751284e-06 to 6.1040796280761287e-06 seconds.
Warning: Simulation tolerance relaxed to achieve convergence from 6.1040796280761287e-06 to 6.1040796280771291e-06 seconds.
Warning: Simulation tolerance relaxed to achieve convergence from 6.1040796280771291e-06 to 6.1040796280781294e-06 seconds.
Warning: Simulation tolerance relaxed to achieve convergence from 6.1040796280781294e-06 to 6.1040796280791297e-06 seconds.
Warning: Simulation tolerance relaxed to achieve convergence from 6.1040796280791297e-06 to 6.1040796280801301e-06 seconds.
Warning: Simulation tolerance relaxed to achieve convergence from 6.1040796280801301e-06 to 6.1040796280811304e-06 seconds.
Warning: Simulation tolerance relaxed to achieve convergence from 6.1040796280811304e-06 to 6.1040796280821308e-06 seconds.
Warning: Simulation tolerance relaxed to achieve convergence from 6.1040796280821308e-06 to 6.1040796280831311e-06 seconds.
Warning: Simulation tolerance relaxed to achieve convergence from 6.1040796280831311e-06 to 6.1040796280841315e-06 seconds.
Warning: Simulation tolerance relaxed to achieve convergence from 6.1040796280841315e-06 to 6.1040796280851318e-06 seconds.
Warning: Simulation tolerance relaxed to achieve convergence from 6.1040796280851318e-06 to 6.1040796280861322e-06 seconds.
Warning: Simulation tolerance relaxed to achieve convergence from 6.1040796280861322e-06 to 6.1040796280871325e-06 seconds.
Warning: Simulation tolerance relaxed to achieve convergence from 6.1040796280871325e-06 to 6.1040796280881329e-06 seconds.
Warning: Simulation tolerance relaxed to achieve convergence from 6.1040796280881329e-06 to 6.1040796280891332e-06 seconds.
Warning: Simulation tolerance relaxed to achieve convergence from 6.1040796280891332e-06 to 6.1040796280901336e-06 seconds.
Warning: Simulation tolerance relaxed to achieve convergence from 6.1040796280901336e-06 to 6.1040796280911339e-06 seconds.
Warning: Simulation tolerance relaxed to achieve convergence from 6.1040796280911339e-06 to 6.1040796280921342e-06 seconds.
Warning: Simulation tolerance relaxed to achieve convergence from 6.1040796280921342e-06 to 6.1040796280931346e-06 seconds.
Warning: Simulation tolerance relaxed to achieve convergence from 6.1040796280931346e-06 to 6.1040796280941349e-06 seconds.
Warning: Simulation tolerance relaxed to achieve convergence from 6.1040796280941349e-06 to 6.1040796280951353e-06 seconds.
Warning: Simulation tolerance relaxed to achieve convergence from 6.1040796280951353e-06 to 6.1040796280961356e-06 seconds.
Warning: Simulation tolerance relaxed to achieve convergence from 6.1040796280961356e-06 to 6.1040796280971360e-06 seconds.
Warning: Simulation tolerance relaxed to achieve convergence from 6.1040796280971360e-06 to 6.1040796280981363e-06 seconds.
Warning: Simulation tolerance relaxed to achieve convergence from 6.1040796280981363e-06 to 6.1040796280991367e-06 seconds.
Warning: Simulation tolerance relaxed to achieve convergence from 6.1040796280991367e-06 to 6.1040796281001370e-06 seconds.
Warning: Simulation tolerance relaxed to achieve convergence from 6.1040796281001370e-06 to 6.1040796281011374e-06 seconds.
Warning: Simulation tolerance relaxed to achieve convergence from 6.1040796281011374e-06 to 6.1040796281021377e-06 seconds.
Warning: Simulation tolerance relaxed to achieve convergence from 6.1040796281021377e-06 to 6.1040796281031381e-06 seconds.
Warning: Simulation tolerance relaxed to achieve convergence from 6.1040796281031381e-06 to 6.1040796281041384e-06 seconds.
Warning: Simulation tolerance relaxed to achieve convergence from 6.1040796281041384e-06 to 6.1040796281051387e-06 seconds.
Warning: Simulation tolerance relaxed to achieve convergence from 6.1040796281051387e-06 to 6.1040796281061391e-06 seconds.
Warning: Simulation tolerance relaxed to achieve convergence from 6.1040796281061391e-06 to 6.1040796281071394e-06 seconds.
Warning: Simulation tolerance relaxed to achieve convergence from 6.1040796281071394e-06 to 6.1040796281081398e-06 seconds.
Warning: Simulation tolerance relaxed to achieve convergence from 6.1040796281081398e-06 to 6.1040796281091401e-06 seconds.
Warning: Simulation tolerance relaxed to achieve convergence from 6.1040796281091401e-06 to 6.1040796281101405e-06 seconds.
Warning: Simulation tolerance relaxed to achieve convergence from 6.1040796281101405e-06 to 6.1040796281111408e-06 seconds.
Warning: Simulation tolerance relaxed to achieve convergence from 6.1040796281111408e-06 to 6.1040796281121412e-06 seconds.
Warning: Simulation tolerance relaxed to achieve convergence from 6.1040796281121412e-06 to 6.1040796281131415e-06 seconds.
Warning: Simulation tolerance relaxed to achieve convergence from 6.1040796281131415e-06 to 6.1040796281141419e-06 seconds.
Warning: Simulation tolerance relaxed to achieve convergence from 6.1040796281141419e-06 to 6.1040796281151422e-06 seconds.
Warning: Simulation tolerance relaxed to achieve convergence from 6.1040796281151422e-06 to 6.1040796281161425e-06 seconds.
Warning: Simulation tolerance relaxed to achieve convergence from 6.1040796281161425e-06 to 6.1040796281171429e-06 seconds.
Warning: Simulation tolerance relaxed to achieve convergence from 6.1040796281171429e-06 to 6.1040796281181432e-06 seconds.
Warning: Simulation tolerance relaxed to achieve convergence from 6.1040796281181432e-06 to 6.1040796281191436e-06 seconds.
Warning: Simulation tolerance relaxed to achieve convergence from 6.1040796281191436e-06 to 6.1040796281201439e-06 seconds.
Warning: Simulation tolerance relaxed to achieve convergence from 6.1040796281201439e-06 to 6.1040796281211443e-06 seconds.
Warning: Simulation tolerance relaxed to achieve convergence from 6.1040796281211443e-06 to 6.1040796281221446e-06 seconds.
Warning: Simulation tolerance relaxed to achieve convergence from 6.1040796281221446e-06 to 6.1040796281231450e-06 seconds.
Warning: Simulation tolerance relaxed to achieve convergence from 6.1040796281231450e-06 to 6.1040796281241453e-06 seconds.
Warning: Simulation tolerance relaxed to achieve convergence from 6.1040796281241453e-06 to 6.1040796281251457e-06 seconds.
Warning: Simulation tolerance relaxed to achieve convergence from 6.1040796281251457e-06 to 6.1040796281261460e-06 seconds.
Warning: Simulation tolerance relaxed to achieve convergence from 6.1040796281261460e-06 to 6.1040796281271464e-06 seconds.
Warning: Simulation tolerance relaxed to achieve convergence from 6.1040796281271464e-06 to 6.1040796281281467e-06 seconds.
Warning: Simulation tolerance relaxed to achieve convergence from 6.1040796281281467e-06 to 6.1040796281291470e-06 seconds.
Warning: Simulation tolerance relaxed to achieve convergence from 6.1040796281291470e-06 to 6.1040796281301474e-06 seconds.
Warning: Simulation tolerance relaxed to achieve convergence from 6.1040796281301474e-06 to 6.1040796281311477e-06 seconds.
Warning: Simulation tolerance relaxed to achieve convergence from 6.1040796281311477e-06 to 6.1040796281321481e-06 seconds.
Warning: Simulation tolerance relaxed to achieve convergence from 6.1040796281321481e-06 to 6.1040796281331484e-06 seconds.
Warning: Simulation tolerance relaxed to achieve convergence from 6.1040796281331484e-06 to 6.1040796281341488e-06 seconds.
Warning: Simulation tolerance relaxed to achieve convergence from 6.1040796281341488e-06 to 6.1040796281351491e-06 seconds.
Warning: Simulation tolerance relaxed to achieve convergence from 6.1040796281351491e-06 to 6.1040796281361495e-06 seconds.
Warning: Simulation tolerance relaxed to achieve convergence from 6.1040796281361495e-06 to 6.1040796281371498e-06 seconds.
Warning: Simulation tolerance relaxed to achieve convergence from 6.1040796281371498e-06 to 6.1040796281381502e-06 seconds.
Warning: Simulation tolerance relaxed to achieve convergence from 6.1040796281381502e-06 to 6.1040796281391505e-06 seconds.
Warning: Simulation tolerance relaxed to achieve convergence from 6.1040796281391505e-06 to 6.1040796281401508e-06 seconds.
Warning: Simulation tolerance relaxed to achieve convergence from 6.1040796281401508e-06 to 6.1040796281411512e-06 seconds.
Warning: Simulation tolerance relaxed to achieve convergence from 6.1040796281411512e-06 to 6.1040796281421515e-06 seconds.
Warning: Simulation tolerance relaxed to achieve convergence from 6.1040796281421515e-06 to 6.1040796281431519e-06 seconds.
Warning: Simulation tolerance relaxed to achieve convergence from 6.1040796281431519e-06 to 6.1040796281441522e-06 seconds.
Warning: Simulation tolerance relaxed to achieve convergence from 6.1040796281441522e-06 to 6.1040796281451526e-06 seconds.
Warning: Simulation tolerance relaxed to achieve convergence from 6.1040796281451526e-06 to 6.1040796281461529e-06 seconds.
Warning: Simulation tolerance relaxed to achieve convergence from 6.1040796281461529e-06 to 6.1040796281471533e-06 seconds.
Warning: Simulation tolerance relaxed to achieve convergence from 6.1040796281471533e-06 to 6.1040796281481536e-06 seconds.
Warning: Simulation tolerance relaxed to achieve convergence from 6.1040796281481536e-06 to 6.1040796281491540e-06 seconds.
Warning: Simulation tolerance relaxed to achieve convergence from 6.1040796281491540e-06 to 6.1040796281501543e-06 seconds.
Warning: Simulation tolerance relaxed to achieve convergence from 6.1040796281501543e-06 to 6.1040796281511547e-06 seconds.
Warning: Simulation tolerance relaxed to achieve convergence from 6.1040796281511547e-06 to 6.1040796281521550e-06 seconds.
Warning: Simulation tolerance relaxed to achieve convergence from 6.1040796281521550e-06 to 6.1040796281531553e-06 seconds.
Warning: Simulation tolerance relaxed to achieve convergence from 6.1040796281531553e-06 to 6.1040796281541557e-06 seconds.
Warning: Simulation tolerance relaxed to achieve convergence from 6.1040796281541557e-06 to 6.1040796281551560e-06 seconds.
Warning: Simulation tolerance relaxed to achieve convergence from 6.1040796281551560e-06 to 6.1040796281561564e-06 seconds.
Warning: Simulation tolerance relaxed to achieve convergence from 6.1040796281561564e-06 to 6.1040796281571567e-06 seconds.
Warning: Simulation tolerance relaxed to achieve convergence from 6.1040796281571567e-06 to 6.1040796281581571e-06 seconds.
Warning: Simulation tolerance relaxed to achieve convergence from 6.1040796281581571e-06 to 6.1040796281591574e-06 seconds.
Warning: Simulation tolerance relaxed to achieve convergence from 6.1040796281591574e-06 to 6.1040796281601578e-06 seconds.
Warning: Simulation tolerance relaxed to achieve convergence from 6.1040796281601578e-06 to 6.1040796281611581e-06 seconds.
Warning: Simulation tolerance relaxed to achieve convergence from 6.1040796281611581e-06 to 6.1040796281621585e-06 seconds.
Warning: Simulation tolerance relaxed to achieve convergence from 6.1040796281621585e-06 to 6.1040796281631588e-06 seconds.
Warning: Simulation tolerance relaxed to achieve convergence from 6.1040796281631588e-06 to 6.1040796281641592e-06 seconds.
Warning: Simulation tolerance relaxed to achieve convergence from 6.1040796281641592e-06 to 6.1040796281651595e-06 seconds.
Warning: Simulation tolerance relaxed to achieve convergence from 6.1040796281651595e-06 to 6.1040796281661598e-06 seconds.
Warning: Simulation tolerance relaxed to achieve convergence from 6.1040796281661598e-06 to 6.1040796281671602e-06 seconds.
Warning: Simulation tolerance relaxed to achieve convergence from 6.1040796281671602e-06 to 6.1040796281681605e-06 seconds.
Warning: Simulation tolerance relaxed to achieve convergence from 6.1040796281681605e-06 to 6.1040796281691609e-06 seconds.
Warning: Simulation tolerance relaxed to achieve convergence from 6.1040796281691609e-06 to 6.1040796281701612e-06 seconds.
Warning: Simulation tolerance relaxed to achieve convergence from 6.1040796281701612e-06 to 6.1040796281711616e-06 seconds.
Warning: Simulation tolerance relaxed to achieve convergence from 6.1040796281711616e-06 to 6.1040796281721619e-06 seconds.
Warning: Simulation tolerance relaxed to achieve convergence from 6.1040796281721619e-06 to 6.1040796281731623e-06 seconds.
Warning: Simulation tolerance relaxed to achieve convergence from 6.1040796281731623e-06 to 6.1040796281741626e-06 seconds.
Warning: Simulation tolerance relaxed to achieve convergence from 6.1040796281741626e-06 to 6.1040796281751630e-06 seconds.
Warning: Simulation tolerance relaxed to achieve convergence from 6.1040796281751630e-06 to 6.1040796281761633e-06 seconds.
Warning: Simulation tolerance relaxed to achieve convergence from 6.1040796281761633e-06 to 6.1040796281771636e-06 seconds.
Warning: Simulation tolerance relaxed to achieve convergence from 6.1040796281771636e-06 to 6.1040796281781640e-06 seconds.
Warning: Simulation tolerance relaxed to achieve convergence from 6.1040796281781640e-06 to 6.1040796281791643e-06 seconds.
Warning: Simulation tolerance relaxed to achieve convergence from 6.1040796281791643e-06 to 6.1040796281801647e-06 seconds.
Warning: Simulation tolerance relaxed to achieve convergence from 6.1040796281801647e-06 to 6.1040796281811650e-06 seconds.
Warning: Simulation tolerance relaxed to achieve convergence from 6.1040796281811650e-06 to 6.1040796281821654e-06 seconds.
Warning: Simulation tolerance relaxed to achieve convergence from 6.1040796281821654e-06 to 6.1040796281831657e-06 seconds.
Warning: Simulation tolerance relaxed to achieve convergence from 6.1040796281831657e-06 to 6.1040796281841661e-06 seconds.
Warning: Simulation tolerance relaxed to achieve convergence from 6.1040796281841661e-06 to 6.1040796281851664e-06 seconds.
Warning: Simulation tolerance relaxed to achieve convergence from 6.1040796281851664e-06 to 6.1040796281861668e-06 seconds.
Warning: Simulation tolerance relaxed to achieve convergence from 6.1040796281861668e-06 to 6.1040796281871671e-06 seconds.
Warning: Simulation tolerance relaxed to achieve convergence from 6.1040796281871671e-06 to 6.1040796281881675e-06 seconds.
Warning: Simulation tolerance relaxed to achieve convergence from 6.1040796281881675e-06 to 6.1040796281891678e-06 seconds.
Warning: Simulation tolerance relaxed to achieve convergence from 6.1040796281891678e-06 to 6.1040796281901681e-06 seconds.
Warning: Simulation tolerance relaxed to achieve convergence from 6.1040796281901681e-06 to 6.1040796281901681e-06 seconds.

Simulation stopped by user.
Total elapsed time: 3.287 seconds.

Files loaded:
C:\Users\vvuon\Documents\LTspice_Projects\UC1825_PWM_IC_Model\Err_Amp.net
C:\Users\vvuon\AppData\Local\LTspice\lib\cmp\standard.bjt
C:\Users\vvuon\AppData\Local\LTspice\lib\sub\LTC3.lib
C:\Users\vvuon\AppData\Local\LTspice\lib\sub\UniversalOpAmp2.lib

